Archive member included to satisfy reference by file (symbol)

/home/hinoeng/yocto/fsl-release-bsp/build-imx6qhinoeng/tmp/sysroots/imx6qsabresd/usr/lib/arm-poky-linux-gnueabi/5.2.0/libgcc.a(_udivsi3.o)
                              arch/arm/cpu/armv7/built-in.o (__aeabi_uidiv)
/home/hinoeng/yocto/fsl-release-bsp/build-imx6qhinoeng/tmp/sysroots/imx6qsabresd/usr/lib/arm-poky-linux-gnueabi/5.2.0/libgcc.a(_divsi3.o)
                              common/built-in.o (__aeabi_idiv)
/home/hinoeng/yocto/fsl-release-bsp/build-imx6qhinoeng/tmp/sysroots/imx6qsabresd/usr/lib/arm-poky-linux-gnueabi/5.2.0/libgcc.a(_lshrdi3.o)
                              fs/built-in.o (__aeabi_llsr)
/home/hinoeng/yocto/fsl-release-bsp/build-imx6qhinoeng/tmp/sysroots/imx6qsabresd/usr/lib/arm-poky-linux-gnueabi/5.2.0/libgcc.a(_ashldi3.o)
                              drivers/mmc/built-in.o (__aeabi_llsl)
/home/hinoeng/yocto/fsl-release-bsp/build-imx6qhinoeng/tmp/sysroots/imx6qsabresd/usr/lib/arm-poky-linux-gnueabi/5.2.0/libgcc.a(_dvmd_lnx.o)
                              /home/hinoeng/yocto/fsl-release-bsp/build-imx6qhinoeng/tmp/sysroots/imx6qsabresd/usr/lib/arm-poky-linux-gnueabi/5.2.0/libgcc.a(_udivsi3.o) (__aeabi_idiv0)

Discarded input sections

 .data          0x0000000000000000        0x0 arch/arm/cpu/armv7/start.o
 .bss           0x0000000000000000        0x0 arch/arm/cpu/armv7/start.o
 .text.v7_outer_cache_flush_all
                0x0000000000000000        0x4 arch/arm/cpu/armv7/built-in.o
 .text.v7_outer_cache_inval_all
                0x0000000000000000        0x4 arch/arm/cpu/armv7/built-in.o
 .text.v7_outer_cache_flush_range
                0x0000000000000000        0x4 arch/arm/cpu/armv7/built-in.o
 .text.v7_outer_cache_inval_range
                0x0000000000000000        0x4 arch/arm/cpu/armv7/built-in.o
 .text.v7_arch_cp15_set_l2aux_ctrl
                0x0000000000000000        0x8 arch/arm/cpu/armv7/built-in.o
 .text.v7_arch_cp15_set_acr
                0x0000000000000000        0x8 arch/arm/cpu/armv7/built-in.o
 .text.sdelay   0x0000000000000000        0xc arch/arm/cpu/armv7/built-in.o
 .text.wait_on_value
                0x0000000000000000       0x34 arch/arm/cpu/armv7/built-in.o
 .text.get_boot_device
                0x0000000000000000       0x9c arch/arm/cpu/armv7/built-in.o
 .text.set_arm_freq_400M
                0x0000000000000000       0x2c arch/arm/cpu/armv7/built-in.o
 .text.enable_enet_pll
                0x0000000000000000       0x68 arch/arm/cpu/armv7/built-in.o
 .text.enable_enet_clk
                0x0000000000000000       0x24 arch/arm/cpu/armv7/built-in.o
 .text.enable_uart_clk
                0x0000000000000000       0x24 arch/arm/cpu/armv7/built-in.o
 .text.enable_usdhc_clk
                0x0000000000000000       0x4c arch/arm/cpu/armv7/built-in.o
 .text.enable_spi_clk
                0x0000000000000000       0x44 arch/arm/cpu/armv7/built-in.o
 .text.enable_sata_clock
                0x0000000000000000       0x1c arch/arm/cpu/armv7/built-in.o
 .text.disable_sata_clock
                0x0000000000000000       0x18 arch/arm/cpu/armv7/built-in.o
 .text.enable_pcie_clock
                0x0000000000000000       0x70 arch/arm/cpu/armv7/built-in.o
 .data          0x0000000000000000        0x0 arch/arm/cpu/armv7/built-in.o
 .bss           0x0000000000000000        0x0 arch/arm/cpu/armv7/built-in.o
 .text          0x0000000000000000        0x0 arch/arm/imx-common/built-in.o
 .text.get_imx_reset_cause
                0x0000000000000000       0x10 arch/arm/imx-common/built-in.o
 .text.set_chipselect_size
                0x0000000000000000       0x84 arch/arm/imx-common/built-in.o
 .text.mxs_wait_mask_set
                0x0000000000000000       0x3c arch/arm/imx-common/built-in.o
 .text.mxs_wait_mask_clr
                0x0000000000000000       0x3c arch/arm/imx-common/built-in.o
 .text.mxs_reset_block
                0x0000000000000000       0x90 arch/arm/imx-common/built-in.o
 .text.detect_hdmi
                0x0000000000000000       0x18 arch/arm/imx-common/built-in.o
 .text.usec2ticks
                0x0000000000000000       0x68 arch/arm/imx-common/built-in.o
 .data          0x0000000000000000        0x0 arch/arm/imx-common/built-in.o
 .bss           0x0000000000000000        0x0 arch/arm/imx-common/built-in.o
 .text.reset_misc
                0x0000000000000000        0x4 arch/arm/lib/built-in.o
 .text.flush_cache
                0x0000000000000000        0x4 arch/arm/lib/built-in.o
 .text.flush_dcache_all
                0x0000000000000000        0xc arch/arm/lib/built-in.o
 .text.enable_caches
                0x0000000000000000        0xc arch/arm/lib/built-in.o
 .text.arm_init_before_mmu
                0x0000000000000000        0x4 arch/arm/lib/built-in.o
 .text.mmu_page_table_flush
                0x0000000000000000        0x4 arch/arm/lib/built-in.o
 .rodata.pl310  0x0000000000000000        0x4 arch/arm/lib/built-in.o
 .data          0x0000000000000000        0x0 arch/arm/lib/built-in.o
[...]
Memory Configuration

Name             Origin             Length             Attributes
*default*        0x0000000000000000 0xffffffffffffffff

Linker script and memory map

Address of section .text set to 0x17800000
                0x0000000000000000                . = 0x0
                0x0000000000000000                . = ALIGN (0x4)

.text           0x0000000017800000    0x3d5d8
 *(.__image_copy_start)
 .__image_copy_start
                0x0000000017800000        0x0 arch/arm/lib/built-in.o
                0x0000000017800000                __image_copy_start
 *(.vectors)
 .vectors       0x0000000017800000      0x300 arch/arm/lib/built-in.o
                0x0000000017800000                _start
                0x0000000017800020                _undefined_instruction
                0x0000000017800024                _software_interrupt
                0x0000000017800028                _prefetch_abort
                0x000000001780002c                _data_abort
                0x0000000017800030                _not_used
                0x0000000017800034                _irq
                0x0000000017800038                _fiq
                0x0000000017800040                IRQ_STACK_START_IN
 arch/arm/cpu/armv7/start.o(.text*)
 .text          0x0000000017800300       0xec arch/arm/cpu/armv7/start.o
                0x0000000017800300                reset
                0x0000000017800304                save_boot_params_ret
                0x0000000017800340                c_runtime_cpu_setup
                0x0000000017800350                save_boot_params
                0x0000000017800354                cpu_init_cp15
                0x00000000178003e4                cpu_init_crit
 *(.text*)
 .text          0x00000000178003ec       0x1c arch/arm/cpu/armv7/built-in.o
                0x00000000178003ec                lowlevel_init
 .text.v7_maint_dcache_all
                0x0000000017800408       0xd4 arch/arm/cpu/armv7/built-in.o
 .text.invalidate_icache_all
                0x00000000178004dc       0x18 arch/arm/cpu/armv7/built-in.o
                0x00000000178004dc                invalidate_icache_all
 .text.v7_outer_cache_enable
                0x00000000178004f4       0x6c arch/arm/cpu/armv7/built-in.o
                0x00000000178004f8                v7_outer_cache_enable
 .text.v7_outer_cache_disable
                0x0000000017800560       0x1c arch/arm/cpu/armv7/built-in.o
                0x0000000017800564                v7_outer_cache_disable
 .text.flush_dcache_all
                0x000000001780057c       0x14 arch/arm/cpu/armv7/built-in.o
                0x000000001780057c                flush_dcache_all
 .text.invalidate_dcache_all
                0x0000000017800590       0x14 arch/arm/cpu/armv7/built-in.o
                0x0000000017800590                invalidate_dcache_all
 .text.arm_init_before_mmu
                0x00000000178005a4       0x28 arch/arm/cpu/armv7/built-in.o
                0x00000000178005a4                arm_init_before_mmu
 .text.flush_dcache_range
                0x00000000178005cc       0x3c arch/arm/cpu/armv7/built-in.o
                0x00000000178005cc                flush_dcache_range
 .text.mmu_page_table_flush
                0x0000000017800608       0x24 arch/arm/cpu/armv7/built-in.o
                0x0000000017800608                mmu_page_table_flush
 .text.flush_cache
                0x000000001780062c        0x8 arch/arm/cpu/armv7/built-in.o
                0x000000001780062c                flush_cache
 .text.invalidate_dcache_range
                0x0000000017800634       0xac arch/arm/cpu/armv7/built-in.o
                0x0000000017800634                invalidate_dcache_range
 .text.cpu_cache_initialization
                0x00000000178006e0        0x4 arch/arm/cpu/armv7/built-in.o
                0x00000000178006e0                cpu_cache_initialization
 .text.cleanup_before_linux
                0x00000000178006e4       0x28 arch/arm/cpu/armv7/built-in.o
                0x00000000178006e4                cleanup_before_linux
 .text.get_nr_cpus
                0x000000001780070c       0x10 arch/arm/cpu/armv7/built-in.o
                0x000000001780070c                get_nr_cpus
 .text.get_cpu_rev
                0x000000001780071c       0x68 arch/arm/cpu/armv7/built-in.o
                0x000000001780071c                get_cpu_rev
 .text.get_board_rev
                0x0000000017800784       0x30 arch/arm/cpu/armv7/built-in.o
                0x0000000017800784                get_board_rev
 .text.init_aips
                0x00000000178007b4       0x58 arch/arm/cpu/armv7/built-in.o
                0x00000000178007b4                init_aips
 .text.arch_cpu_init
                0x000000001780080c      0x1e0 arch/arm/cpu/armv7/built-in.o
                0x000000001780080c                arch_cpu_init
 .text.board_postclk_init
                0x00000000178009ec       0x58 arch/arm/cpu/armv7/built-in.o
                0x00000000178009ec                board_postclk_init
 .text.enable_caches
                0x0000000017800a44       0x34 arch/arm/cpu/armv7/built-in.o
                0x0000000017800a44                enable_caches
 .text.imx_get_mac_from_fuse
                0x0000000017800a78       0x3c arch/arm/cpu/armv7/built-in.o
                0x0000000017800a78                imx_get_mac_from_fuse
 .text.boot_mode_apply
                0x0000000017800ab4       0x24 arch/arm/cpu/armv7/built-in.o
                0x0000000017800ab4                boot_mode_apply
 .text.s_init   0x0000000017800ad8       0x88 arch/arm/cpu/armv7/built-in.o
                0x0000000017800ad8                s_init
 .text.set_wdog_reset
                0x0000000017800b60       0x18 arch/arm/cpu/armv7/built-in.o
                0x0000000017800b60                set_wdog_reset
 .text.reset_misc
                0x0000000017800b78        0x4 arch/arm/cpu/armv7/built-in.o
                0x0000000017800b78                reset_misc
 .text.check_ldo_bypass
                0x0000000017800b7c       0x78 arch/arm/cpu/armv7/built-in.o
                0x0000000017800b7c                check_ldo_bypass
 .text.check_1_2G
                0x0000000017800bf4       0x5c arch/arm/cpu/armv7/built-in.o
                0x0000000017800bf4                check_1_2G
 .text.prep_anatop_bypass
                0x0000000017800c50       0x6c arch/arm/cpu/armv7/built-in.o
                0x0000000017800c50                prep_anatop_bypass
 .text.set_anatop_bypass
                0x0000000017800cbc       0x50 arch/arm/cpu/armv7/built-in.o
                0x0000000017800cbc                set_anatop_bypass
 .text.finish_anatop_bypass
                0x0000000017800d0c       0x24 arch/arm/cpu/armv7/built-in.o
                0x0000000017800d0c                finish_anatop_bypass
 .text.imx_enable_hdmi_phy
                0x0000000017800d30       0x4c arch/arm/cpu/armv7/built-in.o
                0x0000000017800d30                imx_enable_hdmi_phy
 .text.imx_setup_hdmi
                0x0000000017800d7c       0x78 arch/arm/cpu/armv7/built-in.o
                0x0000000017800d7c                imx_setup_hdmi
 .text.get_ipg_clk
                0x0000000017800df4       0x28 arch/arm/cpu/armv7/built-in.o
 .text.get_uart_clk
                0x0000000017800e1c       0x54 arch/arm/cpu/armv7/built-in.o
 .text.mxc_get_pll_pfd
                0x0000000017800e70       0xa0 arch/arm/cpu/armv7/built-in.o
 .text.get_usdhc_clk
                0x0000000017800f10       0x8c arch/arm/cpu/armv7/built-in.o
 .text.enable_ocotp_clk
                0x0000000017800f9c       0x24 arch/arm/cpu/armv7/built-in.o
                0x0000000017800f9c                enable_ocotp_clk
 .text.enable_usboh3_clk
                0x0000000017800fc0       0x24 arch/arm/cpu/armv7/built-in.o
                0x0000000017800fc0                enable_usboh3_clk
 .text.enable_i2c_clk
                0x0000000017800fe4       0x48 arch/arm/cpu/armv7/built-in.o
                0x0000000017800fe4                enable_i2c_clk
 .text.get_periph_clk
                0x000000001780102c       0xdc arch/arm/cpu/armv7/built-in.o
                0x000000001780102c                get_periph_clk
 .text.get_axi_clk
                0x0000000017801108       0x4c arch/arm/cpu/armv7/built-in.o
 .text.enable_fec_anatop_clock
                0x0000000017801154       0x98 arch/arm/cpu/armv7/built-in.o
                0x0000000017801154                enable_fec_anatop_clock
 .text.imx_get_uartclk
                0x00000000178011ec        0x4 arch/arm/cpu/armv7/built-in.o
                0x00000000178011ec                imx_get_uartclk
 .text.enable_thermal_clk
                0x00000000178011f0       0x48 arch/arm/cpu/armv7/built-in.o
                0x00000000178011f0                enable_thermal_clk
 .text.mxc_get_clock
                0x0000000017801238      0x1c8 arch/arm/cpu/armv7/built-in.o
                0x0000000017801238                mxc_get_clock
 .text.imx_get_fecclk
                0x0000000017801400        0x8 arch/arm/cpu/armv7/built-in.o
                0x0000000017801400                imx_get_fecclk
 .text.do_mx6_showclocks
                0x0000000017801408      0x24c arch/arm/cpu/armv7/built-in.o
                0x0000000017801408                do_mx6_showclocks
 .text.enable_ipu_clock
                0x0000000017801654       0x18 arch/arm/cpu/armv7/built-in.o
                0x0000000017801654                enable_ipu_clock
 .text.cpu_reset
                0x000000001780166c       0x28 arch/arm/cpu/armv7/built-in.o
                0x000000001780166c                cpu_reset
 .text.cpu_status
                0x0000000017801694       0x40 arch/arm/cpu/armv7/built-in.o
                0x0000000017801694                cpu_status
 .text.cpu_release
                0x00000000178016d4       0x84 arch/arm/cpu/armv7/built-in.o
                0x00000000178016d4                cpu_release
 .text.is_core_valid
                0x0000000017801758       0x1c arch/arm/cpu/armv7/built-in.o
                0x0000000017801758                is_core_valid
 .text.cpu_disable
                0x0000000017801774       0x28 arch/arm/cpu/armv7/built-in.o
                0x0000000017801774                cpu_disable
 .text.imx_iomux_v3_setup_pad
                0x000000001780179c       0xb0 arch/arm/imx-common/built-in.o
                0x000000001780179c                imx_iomux_v3_setup_pad
 .text.imx_iomux_v3_setup_multiple_pads
                0x000000001780184c       0x2c arch/arm/imx-common/built-in.o
                0x000000001780184c                imx_iomux_v3_setup_multiple_pads
 .text.imx_iomux_set_gpr_register
                0x0000000017801878       0x3c arch/arm/imx-common/built-in.o
                0x0000000017801878                imx_iomux_set_gpr_register
 .text.imx_ddr_size
                0x00000000178018b4       0x64 arch/arm/imx-common/built-in.o
                0x00000000178018b4                imx_ddr_size
 .text.get_imx_type
                0x0000000017801918       0x20 arch/arm/imx-common/built-in.o
                0x0000000017801918                get_imx_type
 .text.print_cpuinfo
                0x0000000017801938      0x1e0 arch/arm/imx-common/built-in.o
                0x0000000017801938                print_cpuinfo
 .text.cpu_eth_init
                0x0000000017801b18        0x4 arch/arm/imx-common/built-in.o
                0x0000000017801b18                cpu_eth_init
 .text.cpu_mmc_init
                0x0000000017801b1c        0x4 arch/arm/imx-common/built-in.o
                0x0000000017801b1c                cpu_mmc_init
 .text.get_ahb_clk
                0x0000000017801b20       0x24 arch/arm/imx-common/built-in.o
                0x0000000017801b20                get_ahb_clk
 .text.arch_preboot_os
                0x0000000017801b44       0x14 arch/arm/imx-common/built-in.o
                0x0000000017801b44                arch_preboot_os
 .text.get_clocks
                0x0000000017801b58       0x1c arch/arm/imx-common/built-in.o
                0x0000000017801b58                get_clocks
 .text.force_idle_bus
                0x0000000017801b74      0x1c4 arch/arm/imx-common/built-in.o
 .text.setup_i2c
                0x0000000017801d38       0xec arch/arm/imx-common/built-in.o
                0x0000000017801d38                setup_i2c
 .text.board_video_skip
                0x0000000017801e24      0x16c arch/arm/imx-common/built-in.o
                0x0000000017801e24                board_video_skip
 .text.timer_init
                0x0000000017801f90      0x13c arch/arm/imx-common/built-in.o
                0x0000000017801f90                timer_init
 .text.get_ticks
                0x00000000178020cc       0x44 arch/arm/imx-common/built-in.o
                0x00000000178020cc                get_ticks
 .text.get_timer_masked
                0x0000000017802110       0xf0 arch/arm/imx-common/built-in.o
                0x0000000017802110                get_timer_masked
 .text.get_timer
                0x0000000017802200       0x14 arch/arm/imx-common/built-in.o
                0x0000000017802200                get_timer
 *fill*         0x0000000017802214        0x4 
 .text.__udelay
                0x0000000017802218      0x130 arch/arm/imx-common/built-in.o
                0x0000000017802218                __udelay
 .text.get_tbclk
                0x0000000017802348       0x94 arch/arm/imx-common/built-in.o
                0x0000000017802348                get_tbclk
 .text.create_usage
                0x00000000178023dc       0xac arch/arm/imx-common/built-in.o
 .text.do_boot_mode
                0x0000000017802488       0xcc arch/arm/imx-common/built-in.o
 .text.add_board_boot_modes
                0x0000000017802554       0x60 arch/arm/imx-common/built-in.o
                0x0000000017802554                add_board_boot_modes
 .text          0x00000000178025b4       0xa8 arch/arm/lib/built-in.o
                0x00000000178025b4                _main
 .text.relocate_vectors
                0x000000001780265c       0x70 arch/arm/lib/built-in.o
                0x000000001780265c                relocate_vectors
                0x0000000017802668                relocate_code
 .text.arch_fixup_fdt
                0x00000000178026cc       0x38 arch/arm/lib/built-in.o
                0x00000000178026cc                arch_fixup_fdt
 .text.boot_jump_linux
                0x0000000017802704       0xc4 arch/arm/lib/built-in.o
 .text.arch_lmb_reserve
                0x00000000178027c8       0x24 arch/arm/lib/built-in.o
                0x00000000178027c8                arch_lmb_reserve
 .text.setup_board_tags
                0x00000000178027ec        0x4 arch/arm/lib/built-in.o
                0x00000000178027ec                setup_board_tags
 .text.boot_prep_linux
                0x00000000178027f0      0x190 arch/arm/lib/built-in.o
 .text.do_bootm_linux
                0x0000000017802980       0x64 arch/arm/lib/built-in.o
                0x0000000017802980                do_bootm_linux
 .text.bootz_setup
                0x00000000178029e4       0x58 arch/arm/lib/built-in.o
                0x00000000178029e4                bootz_setup
 .text.boot_prep_vxworks
                0x0000000017802a3c       0x50 arch/arm/lib/built-in.o
                0x0000000017802a3c                boot_prep_vxworks
 .text.boot_jump_vxworks
                0x0000000017802a8c        0xc arch/arm/lib/built-in.o
                0x0000000017802a8c                boot_jump_vxworks
 .text.pl310_background_op_all_ways
                0x0000000017802a98       0x38 arch/arm/lib/built-in.o
 .text.v7_outer_cache_inval_all
                0x0000000017802ad0        0xc arch/arm/lib/built-in.o
                0x0000000017802ad0                v7_outer_cache_inval_all
 .text.v7_outer_cache_flush_all
                0x0000000017802adc        0xc arch/arm/lib/built-in.o
                0x0000000017802adc                v7_outer_cache_flush_all
 .text.v7_outer_cache_flush_range
                0x0000000017802ae8       0x30 arch/arm/lib/built-in.o
                0x0000000017802ae8                v7_outer_cache_flush_range
 .text.v7_outer_cache_inval_range
                0x0000000017802b18       0x80 arch/arm/lib/built-in.o
                0x0000000017802b18                v7_outer_cache_inval_range
 .text.arch_reserve_stacks
                0x0000000017802b98       0x1c arch/arm/lib/built-in.o
                0x0000000017802b98                arch_reserve_stacks
 .text.interrupt_init
                0x0000000017802bb4       0x1c arch/arm/lib/built-in.o
                0x0000000017802bb4                interrupt_init
 .text.enable_interrupts
                0x0000000017802bd0        0x4 arch/arm/lib/built-in.o
                0x0000000017802bd0                enable_interrupts
 .text.disable_interrupts
                0x0000000017802bd4        0x8 arch/arm/lib/built-in.o
                0x0000000017802bd4                disable_interrupts
 .text.bad_mode
                0x0000000017802bdc       0x10 arch/arm/lib/built-in.o
                0x0000000017802bdc                bad_mode
 .text.show_regs
                0x0000000017802bec      0x174 arch/arm/lib/built-in.o
                0x0000000017802bec                show_regs
 .text.do_undefined_instruction
                0x0000000017802d60       0x20 arch/arm/lib/built-in.o
                0x0000000017802d60                do_undefined_instruction
 .text.do_software_interrupt
                0x0000000017802d80       0x20 arch/arm/lib/built-in.o
                0x0000000017802d80                do_software_interrupt
 .text.do_prefetch_abort
                0x0000000017802da0       0x20 arch/arm/lib/built-in.o
                0x0000000017802da0                do_prefetch_abort
 .text.do_data_abort
                0x0000000017802dc0       0x20 arch/arm/lib/built-in.o
                0x0000000017802dc0                do_data_abort
 .text.do_not_used
                0x0000000017802de0       0x20 arch/arm/lib/built-in.o
                0x0000000017802de0                do_not_used
 .text.do_fiq   0x0000000017802e00       0x20 arch/arm/lib/built-in.o
                0x0000000017802e00                do_fiq
 .text.do_irq   0x0000000017802e20       0x20 arch/arm/lib/built-in.o
                0x0000000017802e20                do_irq
 .text.do_reset
                0x0000000017802e40       0x30 arch/arm/lib/built-in.o
                0x0000000017802e40                do_reset
 .text.cp_delay
                0x0000000017802e70       0x30 arch/arm/lib/built-in.o
 .text.cache_disable
                0x0000000017802ea0       0x54 arch/arm/lib/built-in.o
 .text.arm_init_domains
                0x0000000017802ef4        0x4 arch/arm/lib/built-in.o
                0x0000000017802ef4                arm_init_domains
 .text.set_section_dcache
                0x0000000017802ef8       0x14 arch/arm/lib/built-in.o
                0x0000000017802ef8                set_section_dcache
 .text.mmu_set_region_dcache_behaviour
                0x0000000017802f0c       0x4c arch/arm/lib/built-in.o
                0x0000000017802f0c                mmu_set_region_dcache_behaviour
 .text.dram_bank_mmu_setup
                0x0000000017802f58       0x44 arch/arm/lib/built-in.o
                0x0000000017802f58                dram_bank_mmu_setup
 .text.icache_enable
                0x0000000017802f9c       0x18 arch/arm/lib/built-in.o
                0x0000000017802f9c                icache_enable
 .text.icache_disable
                0x0000000017802fb4        0x8 arch/arm/lib/built-in.o
                0x0000000017802fb4                icache_disable
 .text.icache_status
                0x0000000017802fbc        0xc arch/arm/lib/built-in.o
                0x0000000017802fbc                icache_status
 .text.dcache_enable
                0x0000000017802fc8       0x70 arch/arm/lib/built-in.o
                0x0000000017802fc8                dcache_enable
 .text.dcache_disable
                0x0000000017803038        0x8 arch/arm/lib/built-in.o
                0x0000000017803038                dcache_disable
 .text.dcache_status
                0x0000000017803040        0xc arch/arm/lib/built-in.o
                0x0000000017803040                dcache_status
 .text.pfuze_mode_init
                0x000000001780304c       0xd4 board/freescale/common/built-in.o
                0x000000001780304c                pfuze_mode_init
 .text.pfuze_common_init
                0x0000000017803120      0x10c board/freescale/common/built-in.o
                0x0000000017803120                pfuze_common_init
 .text.enable_lvds
                0x000000001780322c       0x14 board/freescale/mx6sabresd/built-in.o
 .text.enable_rgb
                0x0000000017803240       0x24 board/freescale/mx6sabresd/built-in.o
 .text.do_enable_hdmi
                0x0000000017803264       0x18 board/freescale/mx6sabresd/built-in.o
 .text.dram_init
                0x000000001780327c       0x18 board/freescale/mx6sabresd/built-in.o
                0x000000001780327c                dram_init
 .text.board_spi_cs_gpio
                0x0000000017803294       0x10 board/freescale/mx6sabresd/built-in.o
                0x0000000017803294                board_spi_cs_gpio
 .text.mmc_get_env_devno
                0x00000000178032a4       0x24 board/freescale/mx6sabresd/built-in.o
                0x00000000178032a4                mmc_get_env_devno
 .text.board_mmc_getcd
                0x00000000178032c8       0x60 board/freescale/mx6sabresd/built-in.o
                0x00000000178032c8                board_mmc_getcd
 .text.board_mmc_init
                0x0000000017803328       0xb8 board/freescale/mx6sabresd/built-in.o
                0x0000000017803328                board_mmc_init
 .text.check_mmc_autodetect
                0x00000000178033e0       0x38 board/freescale/mx6sabresd/built-in.o
                0x00000000178033e0                check_mmc_autodetect
 .text.board_late_mmc_env_init
                0x0000000017803418       0x78 board/freescale/mx6sabresd/built-in.o
                0x0000000017803418                board_late_mmc_env_init
 .text.mx6_rgmii_rework
                0x0000000017803490      0x110 board/freescale/mx6sabresd/built-in.o
                0x0000000017803490                mx6_rgmii_rework
 .text.board_phy_config
                0x00000000178035a0       0x2c board/freescale/mx6sabresd/built-in.o
                0x00000000178035a0                board_phy_config
 .text.overwrite_console
                0x00000000178035cc        0x8 board/freescale/mx6sabresd/built-in.o
                0x00000000178035cc                overwrite_console
 .text.board_eth_init
                0x00000000178035d4       0xc0 board/freescale/mx6sabresd/built-in.o
                0x00000000178035d4                board_eth_init
 .text.board_ehci_hcd_init
                0x0000000017803694       0x28 board/freescale/mx6sabresd/built-in.o
                0x0000000017803694                board_ehci_hcd_init
 .text.board_ehci_power
                0x00000000178036bc       0x48 board/freescale/mx6sabresd/built-in.o
                0x00000000178036bc                board_ehci_power
 .text.board_early_init_f
                0x0000000017803704       0x8c board/freescale/mx6sabresd/built-in.o
                0x0000000017803704                board_early_init_f
 .text.board_init
                0x0000000017803790       0x7c board/freescale/mx6sabresd/built-in.o
                0x0000000017803790                board_init
 .text.power_init_board
                0x000000001780380c      0x260 board/freescale/mx6sabresd/built-in.o
                0x000000001780380c                power_init_board
 .text.ldo_mode_set
                0x0000000017803a6c      0x2a0 board/freescale/mx6sabresd/built-in.o
                0x0000000017803a6c                ldo_mode_set
 .text.board_late_init
                0x0000000017803d0c       0x1c board/freescale/mx6sabresd/built-in.o
                0x0000000017803d0c                board_late_init
 .text.checkboard
                0x0000000017803d28       0x18 board/freescale/mx6sabresd/built-in.o
                0x0000000017803d28                checkboard
 .text.show_boot_progress
                0x0000000017803d40        0x4 common/built-in.o
                0x0000000017803d40                show_boot_progress
 .text.main_loop
                0x0000000017803d44       0x20 common/built-in.o
                0x0000000017803d44                main_loop
 .text.dummy    0x0000000017803d64        0x4 common/built-in.o
 .text.get_version
                0x0000000017803d68        0x8 common/built-in.o
                0x0000000017803d68                get_version
 .text.jumptable_init
                0x0000000017803d70      0x1c0 common/built-in.o
                0x0000000017803d70                jumptable_init
 .text.hash_command
                0x0000000017803f30       0xb4 common/built-in.o
                0x0000000017803f30                hash_command
 .text.b_reset  0x0000000017803fe4       0x1c common/built-in.o
 .text.static_get
                0x0000000017804000       0x1c common/built-in.o
 .text.file_peek
                0x000000001780401c        0xc common/built-in.o
 .text.mapset   0x0000000017804028       0x20 common/built-in.o
 .text.syntax_err
                0x0000000017804048        0xc common/built-in.o
 .text.free_pipe_list
                0x0000000017804054       0xf4 common/built-in.o
 .text.xmalloc  0x0000000017804148       0x20 common/built-in.o
 .text.new_pipe
                0x0000000017804168       0x28 common/built-in.o
 .text.xrealloc
                0x0000000017804190       0x20 common/built-in.o
 .text.done_command
                0x00000000178041b0       0x88 common/built-in.o
 .text.done_pipe
                0x0000000017804238       0x48 common/built-in.o
 .text.done_word
                0x0000000017804280      0x2e4 common/built-in.o
 .text.do_showvar
                0x0000000017804564       0xf4 common/built-in.o
 .text.is_assignment
                0x0000000017804658       0x5c common/built-in.o
 .text.file_get
                0x00000000178046b4      0x1ec common/built-in.o
 .text.b_addchr
                0x00000000178048a0       0x80 common/built-in.o
 .text.b_addqchr
                0x0000000017804920       0x50 common/built-in.o
 .text.static_peek
                0x0000000017804970        0xc common/built-in.o
 .text.get_local_var
                0x000000001780497c       0xa0 common/built-in.o
                0x000000001780497c                get_local_var
 .text.set_local_var
                0x0000000017804a1c      0x1bc common/built-in.o
                0x0000000017804a1c                set_local_var
 .text.insert_var_value_sub
                0x0000000017804bd8      0x2c0 common/built-in.o
 .text.parse_string_outer
                0x0000000017804e98       0xe4 common/built-in.o
                0x0000000017804e98                parse_string_outer
 .text.run_list_real
                0x0000000017804f7c      0x7b8 common/built-in.o
 .text.parse_stream_outer
                0x0000000017805734      0x6d0 common/built-in.o
 .text.parse_file_outer
                0x0000000017805e04       0x44 common/built-in.o
                0x0000000017805e04                parse_file_outer
 .text.u_boot_hush_start
                0x0000000017805e48       0x54 common/built-in.o
                0x0000000017805e48                u_boot_hush_start
 .text.bootdelay_process
                0x0000000017805e9c       0xd0 common/built-in.o
                0x0000000017805e9c                bootdelay_process
 .text.autoboot_command
                0x0000000017805f6c       0xd0 common/built-in.o
                0x0000000017805f6c                autoboot_command
 .text.setup_mon_len
                0x000000001780603c       0x20 common/built-in.o
 .text.reserve_round_4k
                0x000000001780605c       0x18 common/built-in.o
 .text.reserve_mmu
                0x0000000017806074       0x38 common/built-in.o
 .text.reserve_uboot
                0x00000000178060ac       0x30 common/built-in.o
 .text.reserve_malloc
                0x00000000178060dc       0x18 common/built-in.o
 .text.setup_machine
                0x00000000178060f4       0x14 common/built-in.o
 .text.reserve_global_data
                0x0000000017806108       0x1c common/built-in.o
 .text.reserve_fdt
                0x0000000017806124       0x4c common/built-in.o
 .text.display_new_sp
                0x0000000017806170        0x8 common/built-in.o
 .text.initf_malloc
                0x0000000017806178       0x1c common/built-in.o
 .text.reserve_arch
                0x0000000017806194        0x8 common/built-in.o
                0x0000000017806194                reserve_arch
 .text.setup_reloc
                0x000000001780619c       0x28 common/built-in.o
 .text.reloc_fdt
                0x00000000178061c4       0x38 common/built-in.o
 .text.announce_dram_init
                0x00000000178061fc       0x18 common/built-in.o
 .text.init_func_i2c
                0x0000000017806214       0x28 common/built-in.o
 .text.init_baud_rate
                0x000000001780623c       0x2c common/built-in.o
 .text.initf_dm
                0x0000000017806268        0x8 common/built-in.o
 .text.mark_bootstage
                0x0000000017806270       0x14 common/built-in.o
 .text.reserve_board
                0x0000000017806284       0x40 common/built-in.o
 .text.display_text_info
                0x00000000178062c4        0x8 common/built-in.o
 .text.setup_fdt
                0x00000000178062cc        0x8 common/built-in.o
 .text.reserve_trace
                0x00000000178062d4        0x8 common/built-in.o
 .text.coloured_LED_init
                0x00000000178062dc        0x4 common/built-in.o
                0x00000000178062dc                coloured_LED_init
 .text.red_led_on
                0x00000000178062e0        0x4 common/built-in.o
                0x00000000178062e0                red_led_on
 .text.board_add_ram_info
                0x00000000178062e4        0x4 common/built-in.o
                0x00000000178062e4                board_add_ram_info
 .text.show_dram_config
                0x00000000178062e8       0x38 common/built-in.o
 .text.dram_init_banksize
                0x0000000017806320       0x20 common/built-in.o
                0x0000000017806320                dram_init_banksize
 .text.setup_dram_config
                0x0000000017806340       0x10 common/built-in.o
 .text.board_get_usable_ram_top
                0x0000000017806350       0x14 common/built-in.o
                0x0000000017806350                board_get_usable_ram_top
 .text.setup_dest_addr
                0x0000000017806364       0x3c common/built-in.o
 .text.reserve_stacks
                0x00000000178063a0       0x1c common/built-in.o
 .text.board_init_f
                0x00000000178063bc       0x28 common/built-in.o
                0x00000000178063bc                board_init_f
 .text.bootstage_relocate
                0x00000000178063e4        0x8 common/built-in.o
 .text.initr_reloc_global_data
                0x00000000178063ec       0x28 common/built-in.o
 .text.initr_announce
                0x0000000017806414        0x8 common/built-in.o
 .text.run_main_loop
                0x000000001780641c        0xc common/built-in.o
 .text.initr_net
                0x0000000017806428       0x20 common/built-in.o
 .text.initr_ethaddr
                0x0000000017806448       0x20 common/built-in.o
 .text.initr_enable_interrupts
                0x0000000017806468       0x10 common/built-in.o
 .text.initr_jumptable
                0x0000000017806478       0x10 common/built-in.o
 .text.initr_env
                0x0000000017806488       0x30 common/built-in.o
 .text.initr_mmc
                0x00000000178064b8       0x20 common/built-in.o
 .text.initr_serial
                0x00000000178064d8       0x10 common/built-in.o
 .text.initr_dm
                0x00000000178064e8       0x14 common/built-in.o
 .text.initr_malloc
                0x00000000178064fc       0x24 common/built-in.o
 .text.initr_caches
                0x0000000017806520       0x10 common/built-in.o
 .text.initr_reloc
                0x0000000017806530       0x24 common/built-in.o
 .text.initr_barrier
                0x0000000017806554        0x8 common/built-in.o
 .text.initr_trace
                0x000000001780655c        0x8 common/built-in.o
 .text.cpu_secondary_init_r
                0x0000000017806564        0x4 common/built-in.o
                0x0000000017806564                cpu_secondary_init_r
 .text.initr_secondary_cpu
                0x0000000017806568       0x10 common/built-in.o
 .text.board_init_r
                0x0000000017806578       0x14 common/built-in.o
                0x0000000017806578                board_init_r
 .text.show_board_info
                0x000000001780658c        0x4 common/built-in.o
                0x000000001780658c                show_board_info
 .text.do_go_exec
                0x0000000017806590       0x10 common/built-in.o
                0x0000000017806590                do_go_exec
 .text.do_go    0x00000000178065a0       0x6c common/built-in.o
 .text.do_bootm
                0x000000001780660c      0x10c common/built-in.o
                0x000000001780660c                do_bootm
 .text.do_bootd
                0x0000000017806718       0x20 common/built-in.o
                0x0000000017806718                do_bootd
 .text.image_info
                0x0000000017806738       0xcc common/built-in.o
 .text.do_iminfo
                0x0000000017806804       0x5c common/built-in.o
 .text.bootm_maybe_autostart
                0x0000000017806860       0x78 common/built-in.o
                0x0000000017806860                bootm_maybe_autostart
 .text.do_bootz
                0x00000000178068d8       0xf8 common/built-in.o
                0x00000000178068d8                do_bootz
 .text.bootm_find_ramdisk_fdt
                0x00000000178069d0       0xa8 common/built-in.o
                0x00000000178069d0                bootm_find_ramdisk_fdt
 .text.bootm_decomp_image
                0x0000000017806a78      0x14c common/built-in.o
                0x0000000017806a78                bootm_decomp_image
 .text.bootm_disable_interrupts
                0x0000000017806bc4       0x18 common/built-in.o
                0x0000000017806bc4                bootm_disable_interrupts
 .text.do_bootm_states
                0x0000000017806bdc      0x740 common/built-in.o
                0x0000000017806bdc                do_bootm_states
 .text.copy_args
                0x000000001780731c       0x50 common/built-in.o
 .text.do_bootm_rtems
                0x000000001780736c       0x40 common/built-in.o
 .text.do_bootm_plan9
                0x00000000178073ac       0xa4 common/built-in.o
 .text.do_bootm_standalone
                0x0000000017807450       0x64 common/built-in.o
 .text.do_bootm_netbsd
                0x00000000178074b4       0xf8 common/built-in.o
 .text.do_bootvx_fdt
                0x00000000178075ac      0x10c common/built-in.o
                0x00000000178075ac                do_bootvx_fdt
 .text.do_bootm_vxworks
                0x00000000178076b8       0x24 common/built-in.o
 .text.boot_selected_os
                0x00000000178076dc       0x58 common/built-in.o
                0x00000000178076dc                boot_selected_os
 .text.bootm_os_get_boot_func
                0x0000000017807734       0x10 common/built-in.o
                0x0000000017807734                bootm_os_get_boot_func
 .text.do_help  0x0000000017807744       0x44 common/built-in.o
 .text.do_version
                0x0000000017807788       0x38 common/built-in.o
 .text.env_attr_walk
                0x00000000178077c0      0x120 common/built-in.o
                0x00000000178077c0                env_attr_walk
 .text.env_attr_lookup
                0x00000000178078e0      0x19c common/built-in.o
                0x00000000178078e0                env_attr_lookup
 .text.clear_callback
                0x0000000017807a7c       0x10 common/built-in.o
 .text.find_env_callback
                0x0000000017807a8c       0x64 common/built-in.o
 .text.on_callbacks
                0x0000000017807af0       0x48 common/built-in.o
 .text.set_callback
                0x0000000017807b38       0x9c common/built-in.o
 .text.env_callback_init
                0x0000000017807bd4       0xc4 common/built-in.o
                0x0000000017807bd4                env_callback_init
 .text.skip_num
                0x0000000017807c98       0x78 common/built-in.o
 .text.clear_flags
                0x0000000017807d10       0x10 common/built-in.o
 .text.on_flags
                0x0000000017807d20       0x48 common/built-in.o
 .text.env_flags_parse_vartype
                0x0000000017807d68       0x50 common/built-in.o
                0x0000000017807d68                env_flags_parse_vartype
 .text.env_flags_parse_varaccess
                0x0000000017807db8       0x58 common/built-in.o
                0x0000000017807db8                env_flags_parse_varaccess
 .text.set_flags
                0x0000000017807e10       0xb4 common/built-in.o
 .text.env_flags_init
                0x0000000017807ec4       0xd8 common/built-in.o
                0x0000000017807ec4                env_flags_init
 .text.env_flags_validate
                0x0000000017807f9c      0x318 common/built-in.o
                0x0000000017807f9c                env_flags_validate
 .text.mmc_get_env_addr
                0x00000000178082b4       0x10 common/built-in.o
                0x00000000178082b4                mmc_get_env_addr
 .text.env_init
                0x00000000178082c4       0x1c common/built-in.o
                0x00000000178082c4                env_init
 .text.mmc_get_env_part
                0x00000000178082e0        0x8 common/built-in.o
                0x00000000178082e0                mmc_get_env_part
 .text.init_mmc_for_env
                0x00000000178082e8       0x78 common/built-in.o
 .text.fini_mmc_for_env
                0x0000000017808360       0x30 common/built-in.o
 .text.saveenv  0x0000000017808390      0x10c common/built-in.o
                0x0000000017808390                saveenv
 .text.env_relocate_spec
                0x000000001780849c       0xe4 common/built-in.o
                0x000000001780849c                env_relocate_spec
 .text.source   0x0000000017808580       0xd8 common/built-in.o
                0x0000000017808580                source
 .text.do_source
                0x0000000017808658       0x44 common/built-in.o
 .text.print_num
                0x000000001780869c       0x14 common/built-in.o
 .text.do_bdinfo
                0x00000000178086b0      0x190 common/built-in.o
 .text.parse_argv
                0x0000000017808840       0x64 common/built-in.o
 .text.do_icache
                0x00000000178088a4       0x88 common/built-in.o
 .text.do_dcache
                0x000000001780892c       0x88 common/built-in.o
 .text.do_coninfo
                0x00000000178089b4       0xc0 common/built-in.o
 .text.do_echo  0x0000000017808a74       0xb0 common/built-in.o
 .text.do_exit  0x0000000017808b24       0x3c common/built-in.o
 .text.do_ext4_size
                0x0000000017808b60       0x18 common/built-in.o
                0x0000000017808b60                do_ext4_size
 .text.do_ext4_load
                0x0000000017808b78       0x18 common/built-in.o
                0x0000000017808b78                do_ext4_load
 .text.do_ext4_ls
                0x0000000017808b90       0x18 common/built-in.o
                0x0000000017808b90                do_ext4_ls
 .text.do_ext4_write
                0x0000000017808ba8       0x18 common/built-in.o
                0x0000000017808ba8                do_ext4_write
 .text.do_ext2load
                0x0000000017808bc0       0x18 common/built-in.o
                0x0000000017808bc0                do_ext2load
 .text.do_ext2ls
                0x0000000017808bd8       0x18 common/built-in.o
 .text.do_fat_size
                0x0000000017808bf0       0x18 common/built-in.o
                0x0000000017808bf0                do_fat_size
 .text.do_fat_fsload
                0x0000000017808c08       0x18 common/built-in.o
                0x0000000017808c08                do_fat_fsload
 .text.do_fat_ls
                0x0000000017808c20       0x18 common/built-in.o
 .text.do_fat_fsinfo
                0x0000000017808c38       0x90 common/built-in.o
 .text.fdt_valid
                0x0000000017808cc8       0xbc common/built-in.o
 .text.is_printable_string
                0x0000000017808d84       0x9c common/built-in.o
 .text.print_data
                0x0000000017808e20      0x174 common/built-in.o
 .text.set_working_fdt_addr
                0x0000000017808f94       0x1c common/built-in.o
                0x0000000017808f94                set_working_fdt_addr
 .text.do_fdt   0x0000000017808fb0      0xe5c common/built-in.o
 .text.fdt_find_and_setprop
                0x0000000017809e0c       0x70 common/built-in.o
                0x0000000017809e0c                fdt_find_and_setprop
 .text.fdt_find_or_add_subnode
                0x0000000017809e7c       0x60 common/built-in.o
                0x0000000017809e7c                fdt_find_or_add_subnode
 .text.fdt_initrd
                0x0000000017809edc      0x1cc common/built-in.o
                0x0000000017809edc                fdt_initrd
 .text.fdt_chosen
                0x000000001780a0a8       0xa8 common/built-in.o
                0x000000001780a0a8                fdt_chosen
 .text.do_fixup_by_path
                0x000000001780a150       0x54 common/built-in.o
                0x000000001780a150                do_fixup_by_path
 .text.fdt_fixup_memory_banks
                0x000000001780a1a4      0x1a4 common/built-in.o
                0x000000001780a1a4                fdt_fixup_memory_banks
 .text.fdt_fixup_memory
                0x000000001780a348       0x20 common/built-in.o
                0x000000001780a348                fdt_fixup_memory
 .text.fdt_fixup_ethernet
                0x000000001780a368      0x15c common/built-in.o
                0x000000001780a368                fdt_fixup_ethernet
 .text.fdt_shrink_to_minimum
                0x000000001780a4c4       0xcc common/built-in.o
                0x000000001780a4c4                fdt_shrink_to_minimum
 .text.do_flerase
                0x000000001780a590        0x8 common/built-in.o
 .text.do_protect
                0x000000001780a598       0x10 common/built-in.o
 .text.do_flinfo
                0x000000001780a5a8        0x8 common/built-in.o
 .text.strtou32
                0x000000001780a5b0       0x44 common/built-in.o
 .text.do_fuse  0x000000001780a5f4      0x360 common/built-in.o
 .text.do_i2c   0x000000001780a954       0x68 common/built-in.o
 .text.do_i2c_reset
                0x000000001780a9bc       0x2c common/built-in.o
 .text.do_i2c_probe
                0x000000001780a9e8       0x9c common/built-in.o
 .text.do_i2c_bus_speed
                0x000000001780aa84       0x74 common/built-in.o
 .text.do_i2c_show_bus
                0x000000001780aaf8       0xd0 common/built-in.o
 .text.do_i2c_bus_num
                0x000000001780abc8       0xb4 common/built-in.o
 .text.get_alen.constprop.7
                0x000000001780ac7c       0x3c common/built-in.o
 .text.do_i2c_crc
                0x000000001780acb8      0x120 common/built-in.o
 .text.mod_i2c_mem.isra.4
                0x000000001780add8      0x1f0 common/built-in.o
 .text.do_i2c_nm
                0x000000001780afc8        0x8 common/built-in.o
 .text.do_i2c_mm
                0x000000001780afd0        0x8 common/built-in.o
 .text.do_i2c_md
                0x000000001780afd8      0x1e4 common/built-in.o
 .text.do_i2c_read
                0x000000001780b1bc       0xbc common/built-in.o
 .text.do_i2c_mw
                0x000000001780b278       0xfc common/built-in.o
 .text.do_i2c_write
                0x000000001780b374      0x14c common/built-in.o
 .text.do_i2c_loop
                0x000000001780b4c0       0xe4 common/built-in.o
 .text.i2c_init_board
                0x000000001780b5a4        0x4 common/built-in.o
                0x000000001780b5a4                i2c_init_board
 .text.evalexp  0x000000001780b5a8       0x74 common/built-in.o
 .text.evalstr  0x000000001780b61c       0x6c common/built-in.o
 .text.binary_test
                0x000000001780b688      0x1c0 common/built-in.o
 .text.do_itest
                0x000000001780b848       0x88 common/built-in.o
 .text.bin_data_init
                0x000000001780b8d0       0x2c common/built-in.o
 .text.k_data_save
                0x000000001780b8fc       0x4c common/built-in.o
 .text.k_data_restore
                0x000000001780b948       0x4c common/built-in.o
 .text.getcxmodem
                0x000000001780b994       0x20 common/built-in.o
 .text.load_serial_ymodem
                0x000000001780b9b4       0xcc common/built-in.o
 .text.bin_data_char
                0x000000001780ba80       0x2c common/built-in.o
 .text.chk1.constprop.1
                0x000000001780baac       0x2c common/built-in.o
 .text.s1_sendpacket.constprop.2
                0x000000001780bad8       0x50 common/built-in.o
 .text.load_serial
                0x000000001780bb28      0x1f0 common/built-in.o
 .text.do_load_serial
                0x000000001780bd18       0xdc common/built-in.o
 .text.do_load_serial_bin
                0x000000001780bdf4      0x7a4 common/built-in.o
 .text.do_mem_mw
                0x000000001780c598       0xc0 common/built-in.o
 .text.do_mem_loop
                0x000000001780c658       0xec common/built-in.o
 .text.do_mem_md
                0x000000001780c744       0xe4 common/built-in.o
 .text.do_mem_cmp
                0x000000001780c828      0x168 common/built-in.o
 .text.do_mem_base
                0x000000001780c990       0x40 common/built-in.o
 .text.do_mem_cp
                0x000000001780c9d0       0xd8 common/built-in.o
 .text.do_mem_crc
                0x000000001780caa8       0x48 common/built-in.o
 .text.do_mem_mtest
                0x000000001780caf0      0x204 common/built-in.o
 .text.mod_mem.isra.0
                0x000000001780ccf4      0x16c common/built-in.o
 .text.do_mem_mm
                0x000000001780ce60        0x8 common/built-in.o
 .text.do_mem_nm
                0x000000001780ce68        0x8 common/built-in.o
 .text.miiphy_get_dev_by_name
                0x000000001780ce70       0x60 common/built-in.o
                0x000000001780ce70                miiphy_get_dev_by_name
 .text.miiphy_init
                0x000000001780ced0       0x24 common/built-in.o
                0x000000001780ced0                miiphy_init
 .text.mdio_alloc
                0x000000001780cef4       0x30 common/built-in.o
                0x000000001780cef4                mdio_alloc
 .text.mdio_register
                0x000000001780cf24       0x94 common/built-in.o
                0x000000001780cf24                mdio_register
 .text.mdio_list_devices
                0x000000001780cfb8       0x98 common/built-in.o
                0x000000001780cfb8                mdio_list_devices
 .text.miiphy_set_current_dev
                0x000000001780d050       0x40 common/built-in.o
                0x000000001780d050                miiphy_set_current_dev
 .text.miiphy_get_active_dev
                0x000000001780d090       0x54 common/built-in.o
 .text.mdio_get_current_dev
                0x000000001780d0e4       0x10 common/built-in.o
                0x000000001780d0e4                mdio_get_current_dev
 .text.mdio_phydev_for_ethname
                0x000000001780d0f4       0x88 common/built-in.o
                0x000000001780d0f4                mdio_phydev_for_ethname
 .text.miiphy_get_current_dev
                0x000000001780d17c       0x18 common/built-in.o
                0x000000001780d17c                miiphy_get_current_dev
 .text.miiphy_read
                0x000000001780d194       0x4c common/built-in.o
                0x000000001780d194                miiphy_read
 .text.miiphy_write
                0x000000001780d1e0       0x40 common/built-in.o
                0x000000001780d1e0                miiphy_write
 .text.miiphy_listdev
                0x000000001780d220       0x74 common/built-in.o
                0x000000001780d220                miiphy_listdev
 .text.miiphy_info
                0x000000001780d294       0x88 common/built-in.o
                0x000000001780d294                miiphy_info
 .text.miiphy_speed
                0x000000001780d31c       0x94 common/built-in.o
                0x000000001780d31c                miiphy_speed
 .text.miiphy_duplex
                0x000000001780d3b0       0x94 common/built-in.o
                0x000000001780d3b0                miiphy_duplex
 .text.miiphy_is_1000base_x
                0x000000001780d444        0x8 common/built-in.o
                0x000000001780d444                miiphy_is_1000base_x
 .text.extract_range
                0x000000001780d44c       0xe4 common/built-in.o
 .text.do_mii   0x000000001780d530      0x7c0 common/built-in.o
 .text.do_mdio  0x000000001780dcf0      0x4ec common/built-in.o
 .text.do_sleep
                0x000000001780e1dc       0x70 common/built-in.o
 .text.do_mmcops
                0x000000001780e24c       0xb8 common/built-in.o
 .text.init_mmc_device
                0x000000001780e304       0x54 common/built-in.o
 .text.do_mmc_rescan
                0x000000001780e358       0x24 common/built-in.o
 .text.do_mmc_rst_func
                0x000000001780e37c       0xa0 common/built-in.o
 .text.do_mmc_partconf
                0x000000001780e41c       0xb4 common/built-in.o
 .text.do_mmc_boot_resize
                0x000000001780e4d0       0xcc common/built-in.o
 .text.do_mmc_bootbus
                0x000000001780e59c       0xb4 common/built-in.o
 .text.do_mmc_hwpartition
                0x000000001780e650      0x510 common/built-in.o
 .text.do_mmc_list
                0x000000001780eb60       0x14 common/built-in.o
 .text.do_mmc_dev
                0x000000001780eb74      0x134 common/built-in.o
 .text.do_mmc_part
                0x000000001780eca8       0x5c common/built-in.o
 .text.do_mmc_erase
                0x000000001780ed04       0xe8 common/built-in.o
 .text.do_mmc_write
                0x000000001780edec      0x100 common/built-in.o
 .text.do_mmc_read
                0x000000001780eeec       0xec common/built-in.o
 .text.do_mmcinfo
                0x000000001780efd8      0x370 common/built-in.o
 .text.do_mmc_setdsr
                0x000000001780f348       0xb0 common/built-in.o
 .text.cpu_cmd  0x000000001780f3f8      0x114 common/built-in.o
 .text.netboot_common
                0x000000001780f50c      0x294 common/built-in.o
 .text.do_bootp
                0x000000001780f7a0        0xc common/built-in.o
 .text.do_dhcp  0x000000001780f7ac        0xc common/built-in.o
 .text.do_nfs   0x000000001780f7b8        0xc common/built-in.o
 .text.do_tftpb
                0x000000001780f7c4       0x40 common/built-in.o
                0x000000001780f7c4                do_tftpb
 .text.do_ping  0x000000001780f804       0x78 common/built-in.o
 .text.bytes_per_second
                0x000000001780f87c       0x50 common/built-in.o
 .text.do_spi_flash
                0x000000001780f8cc      0x744 common/built-in.o
 .text.get_arg  0x0000000017810010       0x58 common/built-in.o
 .text.do_setexpr
                0x0000000017810068      0x14c common/built-in.o
 .text.do_false
                0x00000000178101b4        0x8 common/built-in.o
 .text.do_true  0x00000000178101bc        0x8 common/built-in.o
 .text.do_test  0x00000000178101c4      0x338 common/built-in.o
 .text.usb_get_class_desc
                0x00000000178104fc       0xbc common/built-in.o
 .text.usb_display_class_sub
                0x00000000178105b8      0x170 common/built-in.o
 .text.usb_find_device
                0x0000000017810728       0x3c common/built-in.o
 .text.usb_show_tree_graph
                0x0000000017810764      0x21c common/built-in.o
 .text.usb_display_string
                0x0000000017810980       0x44 common/built-in.o
 .text.usb_display_config
                0x00000000178109c4      0x20c common/built-in.o
 .text.do_usbboot
                0x0000000017810bd0        0xc common/built-in.o
 .text.do_usb_start
                0x0000000017810bdc       0x38 common/built-in.o
 .text.usb_display_desc.part.2
                0x0000000017810c14      0x12c common/built-in.o
 .text.do_usb   0x0000000017810d40      0x78c common/built-in.o
 .text.usb_set_maxpacket_ep
                0x00000000178114cc       0x70 common/built-in.o
 .text.usb_stop
                0x000000001781153c       0x64 common/built-in.o
                0x000000001781153c                usb_stop
 .text.usb_disable_asynch
                0x00000000178115a0       0x20 common/built-in.o
                0x00000000178115a0                usb_disable_asynch
 .text.usb_control_msg
                0x00000000178115c0       0xc0 common/built-in.o
                0x00000000178115c0                usb_control_msg
 .text.usb_get_descriptor
                0x0000000017811680       0x58 common/built-in.o
 .text.usb_get_string
                0x00000000178116d8       0x70 common/built-in.o
 .text.usb_string_sub
                0x0000000017811748      0x108 common/built-in.o
 .text.usb_bulk_msg
                0x0000000017811850       0x74 common/built-in.o
                0x0000000017811850                usb_bulk_msg
 .text.usb_maxpacket
                0x00000000178118c4       0x1c common/built-in.o
                0x00000000178118c4                usb_maxpacket
 .text.usb_clear_halt
                0x00000000178118e0       0x90 common/built-in.o
                0x00000000178118e0                usb_clear_halt
 .text.usb_get_configuration_no
                0x0000000017811970       0xbc common/built-in.o
                0x0000000017811970                usb_get_configuration_no
 .text.usb_set_interface
                0x0000000017811a2c       0xa8 common/built-in.o
                0x0000000017811a2c                usb_set_interface
 .text.usb_string
                0x0000000017811ad4      0x100 common/built-in.o
                0x0000000017811ad4                usb_string
 .text.usb_get_dev_index
                0x0000000017811bd4       0x24 common/built-in.o
                0x0000000017811bd4                usb_get_dev_index
 .text.usb_alloc_new_device
                0x0000000017811bf8       0x94 common/built-in.o
                0x0000000017811bf8                usb_alloc_new_device
 .text.usb_free_device
                0x0000000017811c8c       0x48 common/built-in.o
                0x0000000017811c8c                usb_free_device
 .text.usb_alloc_device
                0x0000000017811cd4        0x8 common/built-in.o
                0x0000000017811cd4                usb_alloc_device
 .text.usb_new_device
                0x0000000017811cdc      0x5d0 common/built-in.o
                0x0000000017811cdc                usb_new_device
 .text.usb_init
                0x00000000178122ac      0x12c common/built-in.o
                0x00000000178122ac                usb_init
 .text.usb_set_port_feature
                0x00000000178123d8       0x4c common/built-in.o
 .text.usb_hub_power_on
                0x0000000017812424       0x44 common/built-in.o
 .text.usb_get_port_status
                0x0000000017812468       0x4c common/built-in.o
 .text.usb_clear_port_feature
                0x00000000178124b4       0x4c common/built-in.o
 .text.usb_get_hub_descriptor
                0x0000000017812500       0x4c common/built-in.o
 .text.usb_hub_reset_devices
                0x000000001781254c        0x4 common/built-in.o
                0x000000001781254c                usb_hub_reset_devices
 .text.usb_hub_reset
                0x0000000017812550       0x14 common/built-in.o
                0x0000000017812550                usb_hub_reset
 .text.hub_port_reset
                0x0000000017812564       0x98 common/built-in.o
                0x0000000017812564                hub_port_reset
 .text.usb_hub_port_connect_change
                0x00000000178125fc      0x120 common/built-in.o
                0x00000000178125fc                usb_hub_port_connect_change
 .text.usb_hub_configure
                0x000000001781271c      0x2dc common/built-in.o
 .text.usb_hub_probe
                0x00000000178129f8       0x58 common/built-in.o
                0x00000000178129f8                usb_hub_probe
 .text.usb_stor_irq
                0x0000000017812a50       0x1c common/built-in.o
 .text.usb_stor_BBB_reset
                0x0000000017812a6c       0xd0 common/built-in.o
 .text.usb_stor_CB_reset
                0x0000000017812b3c       0xd0 common/built-in.o
 .text.usb_stor_BBB_clear_endpt_stall.isra.2
                0x0000000017812c0c       0x40 common/built-in.o
 .text.usb_stor_BBB_transport
                0x0000000017812c4c      0x264 common/built-in.o
 .text.usb_stor_CB_comdat
                0x0000000017812eb0      0x20c common/built-in.o
 .text.usb_stor_CBI_get_status.isra.4
                0x00000000178130bc       0xc8 common/built-in.o
 .text.usb_stor_CB_transport
                0x0000000017813184      0x228 common/built-in.o
 .text.usb_request_sense.constprop.10
                0x00000000178133ac       0x70 common/built-in.o
 .text.usb_stor_write
                0x000000001781341c      0x1c4 common/built-in.o
                0x000000001781341c                usb_stor_write
 .text.usb_stor_read
                0x00000000178135e0      0x1c4 common/built-in.o
                0x00000000178135e0                usb_stor_read
 .text.usb_stor_get_dev
                0x00000000178137a4       0x28 common/built-in.o
                0x00000000178137a4                usb_stor_get_dev
 .text.usb_stor_info
                0x00000000178137cc       0x74 common/built-in.o
                0x00000000178137cc                usb_stor_info
 .text.usb_storage_probe
                0x0000000017813840      0x204 common/built-in.o
                0x0000000017813840                usb_storage_probe
 .text.usb_stor_get_info
                0x0000000017813a44      0x324 common/built-in.o
                0x0000000017813a44                usb_stor_get_info
 .text.usb_stor_scan
                0x0000000017813d68      0x1e0 common/built-in.o
                0x0000000017813d68                usb_stor_scan
 .text.do_imgextract
                0x0000000017813f48      0x28c common/built-in.o
 .text.splash_screen_prepare
                0x00000000178141d4        0x8 common/built-in.o
                0x00000000178141d4                splash_screen_prepare
 .text.splash_get_pos
                0x00000000178141dc       0x88 common/built-in.o
                0x00000000178141dc                splash_get_pos
 .text.do_env_delete
                0x0000000017814264       0x9c common/built-in.o
 .text.do_env_exists
                0x0000000017814300       0x6c common/built-in.o
 .text.do_env_save
                0x000000001781436c       0x2c common/built-in.o
 .text.do_env   0x0000000017814398       0x68 common/built-in.o
 .text.env_print
                0x0000000017814400       0xc8 common/built-in.o
 .text.do_env_print
                0x00000000178144c8       0xc4 common/built-in.o
 .text.do_env_import
                0x000000001781458c      0x284 common/built-in.o
 .text.do_env_default
                0x0000000017814810       0xa8 common/built-in.o
 .text._do_env_set.isra.0
                0x00000000178148b8      0x1c4 common/built-in.o
 .text.do_env_set
                0x0000000017814a7c       0x1c common/built-in.o
 .text.get_env_id
                0x0000000017814a98       0x10 common/built-in.o
                0x0000000017814a98                get_env_id
 .text.setenv   0x0000000017814aa8       0x5c common/built-in.o
                0x0000000017814aa8                setenv
 .text.setenv_ulong
                0x0000000017814b04       0x20 common/built-in.o
                0x0000000017814b04                setenv_ulong
 .text.setenv_hex
                0x0000000017814b24       0x34 common/built-in.o
                0x0000000017814b24                setenv_hex
 .text.do_env_export
                0x0000000017814b58      0x258 common/built-in.o
 .text.envmatch
                0x0000000017814db0       0x6c common/built-in.o
                0x0000000017814db0                envmatch
 .text.getenv_f
                0x0000000017814e1c       0xc0 common/built-in.o
                0x0000000017814e1c                getenv_f
 .text.getenv   0x0000000017814edc       0x80 common/built-in.o
                0x0000000017814edc                getenv
 .text.getenv_hex
                0x0000000017814f5c       0x3c common/built-in.o
                0x0000000017814f5c                getenv_hex
 .text.getenv_ulong
                0x0000000017814f98       0x30 common/built-in.o
                0x0000000017814f98                getenv_ulong
 .text.do_env_edit
                0x0000000017814fc8       0x7c common/built-in.o
 .text.env_get_char_spec
                0x0000000017815044        0xc common/built-in.o
                0x0000000017815044                env_get_char_spec
 .text.env_get_addr
                0x0000000017815050       0x20 common/built-in.o
                0x0000000017815050                env_get_addr
 .text.env_get_char_memory
                0x0000000017815070       0x10 common/built-in.o
                0x0000000017815070                env_get_char_memory
 .text.env_get_char
                0x0000000017815080       0x30 common/built-in.o
                0x0000000017815080                env_get_char
 .text.getenv_yesno
                0x00000000178150b0       0x40 common/built-in.o
                0x00000000178150b0                getenv_yesno
 .text.getenv_default
                0x00000000178150f0       0x30 common/built-in.o
                0x00000000178150f0                getenv_default
 .text.set_default_env
                0x0000000017815120       0xc0 common/built-in.o
                0x0000000017815120                set_default_env
 .text.set_default_vars
                0x00000000178151e0       0x38 common/built-in.o
                0x00000000178151e0                set_default_vars
 .text.env_import
                0x0000000017815218       0xdc common/built-in.o
                0x0000000017815218                env_import
 .text.env_export
                0x00000000178152f4       0xa0 common/built-in.o
                0x00000000178152f4                env_export
 .text.env_relocate
                0x0000000017815394       0x2c common/built-in.o
                0x0000000017815394                env_relocate
 .text.env_complete
                0x00000000178153c0       0xf0 common/built-in.o
                0x00000000178153c0                env_complete
 .text.console_setfile
                0x00000000178154b0       0xc0 common/built-in.o
 .text.serial_printf
                0x0000000017815570       0x50 common/built-in.o
                0x0000000017815570                serial_printf
 .text.putc     0x00000000178155c0       0x34 common/built-in.o
                0x00000000178155c0                putc
 .text.puts     0x00000000178155f4       0x34 common/built-in.o
                0x00000000178155f4                puts
 .text.printf   0x0000000017815628       0x5c common/built-in.o
                0x0000000017815628                printf
 .text.fgetc    0x0000000017815684       0x24 common/built-in.o
                0x0000000017815684                fgetc
 .text.getc     0x00000000178156a8       0x24 common/built-in.o
                0x00000000178156a8                getc
 .text.ftstc    0x00000000178156cc       0x24 common/built-in.o
                0x00000000178156cc                ftstc
 .text.tstc     0x00000000178156f0       0x24 common/built-in.o
                0x00000000178156f0                tstc
 .text.vprintf  0x0000000017815714       0x3c common/built-in.o
                0x0000000017815714                vprintf
 .text.ctrlc    0x0000000017815750       0x58 common/built-in.o
                0x0000000017815750                ctrlc
 .text.confirm_yesno
                0x00000000178157a8       0xd4 common/built-in.o
                0x00000000178157a8                confirm_yesno
 .text.had_ctrlc
                0x000000001781587c       0x10 common/built-in.o
                0x000000001781587c                had_ctrlc
 .text.clear_ctrlc
                0x000000001781588c       0x14 common/built-in.o
                0x000000001781588c                clear_ctrlc
 .text.search_device
                0x00000000178158a0       0x28 common/built-in.o
                0x00000000178158a0                search_device
 .text.console_assign
                0x00000000178158c8       0x48 common/built-in.o
                0x00000000178158c8                console_assign
 .text.on_console
                0x0000000017815910       0xb8 common/built-in.o
 .text.console_init_f
                0x00000000178159c8       0x10 common/built-in.o
                0x00000000178159c8                console_init_f
 .text.stdio_print_current_devices
                0x00000000178159d8       0xb0 common/built-in.o
                0x00000000178159d8                stdio_print_current_devices
 .text.console_init_r
                0x0000000017815a88      0x194 common/built-in.o
                0x0000000017815a88                console_init_r
 .text.sbrk     0x0000000017815c1c       0x6c common/built-in.o
                0x0000000017815c1c                sbrk
 .text.mem_malloc_init
                0x0000000017815c88       0x34 common/built-in.o
                0x0000000017815c88                mem_malloc_init
 .text.malloc_trim
                0x0000000017815cbc       0xcc common/built-in.o
                0x0000000017815cbc                malloc_trim
 .text.free     0x0000000017815d88      0x24c common/built-in.o
                0x0000000017815d88                free
 .text.malloc   0x0000000017815fd4      0x638 common/built-in.o
                0x0000000017815fd4                malloc
 .text.calloc   0x000000001781660c      0x144 common/built-in.o
                0x000000001781660c                calloc
 .text.realloc  0x0000000017816750      0x4d0 common/built-in.o
                0x0000000017816750                realloc
 .text.memalign
                0x0000000017816c20      0x10c common/built-in.o
                0x0000000017816c20                memalign
 .text.malloc_simple
                0x0000000017816d2c       0x30 common/built-in.o
                0x0000000017816d2c                malloc_simple
 .text.on_loadaddr
                0x0000000017816d5c       0x38 common/built-in.o
 .text.image_check_hcrc
                0x0000000017816d94       0x4c common/built-in.o
                0x0000000017816d94                image_check_hcrc
 .text.image_check_dcrc
                0x0000000017816de0       0x38 common/built-in.o
                0x0000000017816de0                image_check_dcrc
 .text.image_multi_count
                0x0000000017816e18       0x1c common/built-in.o
                0x0000000017816e18                image_multi_count
 .text.image_multi_getimg
                0x0000000017816e34       0x80 common/built-in.o
                0x0000000017816e34                image_multi_getimg
 .text.getenv_bootm_low
                0x0000000017816eb4       0x30 common/built-in.o
                0x0000000017816eb4                getenv_bootm_low
 .text.getenv_bootm_size
                0x0000000017816ee4       0x5c common/built-in.o
                0x0000000017816ee4                getenv_bootm_size
 .text.getenv_bootm_mapsize
                0x0000000017816f40       0x30 common/built-in.o
                0x0000000017816f40                getenv_bootm_mapsize
 .text.memmove_wd
                0x0000000017816f70        0xc common/built-in.o
                0x0000000017816f70                memmove_wd
 .text.genimg_print_size
                0x0000000017816f7c       0x30 common/built-in.o
                0x0000000017816f7c                genimg_print_size
 .text.get_table_entry_name
                0x0000000017816fac       0x2c common/built-in.o
                0x0000000017816fac                get_table_entry_name
 .text.genimg_get_os_name
                0x0000000017816fd8       0x18 common/built-in.o
                0x0000000017816fd8                genimg_get_os_name
 .text.genimg_get_arch_name
                0x0000000017816ff0       0x18 common/built-in.o
                0x0000000017816ff0                genimg_get_arch_name
 .text.genimg_get_type_name
                0x0000000017817008       0x18 common/built-in.o
                0x0000000017817008                genimg_get_type_name
 .text.genimg_get_comp_name
                0x0000000017817020       0x18 common/built-in.o
                0x0000000017817020                genimg_get_comp_name
 .text.image_print_contents
                0x0000000017817038      0x178 common/built-in.o
                0x0000000017817038                image_print_contents
 .text.genimg_get_kernel_addr_fit
                0x00000000178171b0       0x24 common/built-in.o
                0x00000000178171b0                genimg_get_kernel_addr_fit
 .text.genimg_get_format
                0x00000000178171d4       0x34 common/built-in.o
                0x00000000178171d4                genimg_get_format
 .text.genimg_get_image
                0x0000000017817208        0x4 common/built-in.o
                0x0000000017817208                genimg_get_image
 .text.genimg_has_config
                0x000000001781720c        0x8 common/built-in.o
                0x000000001781720c                genimg_has_config
 .text.boot_get_ramdisk
                0x0000000017817214      0x238 common/built-in.o
                0x0000000017817214                boot_get_ramdisk
 .text.boot_ramdisk_high
                0x000000001781744c      0x13c common/built-in.o
                0x000000001781744c                boot_ramdisk_high
 .text.boot_get_setup
                0x0000000017817588        0x8 common/built-in.o
                0x0000000017817588                boot_get_setup
 .text.image_setup_linux
                0x0000000017817590       0x8c common/built-in.o
                0x0000000017817590                image_setup_linux
 .text.fdt_error
                0x000000001781761c       0x2c common/built-in.o
 .text.boot_fdt_add_mem_rsv_regions
                0x0000000017817648       0x88 common/built-in.o
                0x0000000017817648                boot_fdt_add_mem_rsv_regions
 .text.boot_relocate_fdt
                0x00000000178176d0      0x198 common/built-in.o
                0x00000000178176d0                boot_relocate_fdt
 .text.boot_get_fdt
                0x0000000017817868      0x29c common/built-in.o
                0x0000000017817868                boot_get_fdt
 .text.ft_verify_fdt
                0x0000000017817b04        0x8 common/built-in.o
                0x0000000017817b04                ft_verify_fdt
 .text.image_setup_libfdt
                0x0000000017817b0c       0xe8 common/built-in.o
                0x0000000017817b0c                image_setup_libfdt
 .text.get_effective_memsize
                0x0000000017817bf4        0x8 common/built-in.o
                0x0000000017817bf4                get_effective_memsize
 .text.nulldev_putc
                0x0000000017817bfc        0x4 common/built-in.o
 .text.nulldev_puts
                0x0000000017817c00        0x4 common/built-in.o
 .text.nulldev_input
                0x0000000017817c04        0x8 common/built-in.o
 .text.stdio_serial_tstc
                0x0000000017817c0c        0x4 common/built-in.o
 .text.stdio_serial_getc
                0x0000000017817c10        0x4 common/built-in.o
 .text.stdio_serial_puts
                0x0000000017817c14        0x8 common/built-in.o
 .text.stdio_serial_putc
                0x0000000017817c1c        0x8 common/built-in.o
 .text.stdio_get_list
                0x0000000017817c24        0xc common/built-in.o
                0x0000000017817c24                stdio_get_list
 .text.stdio_get_by_name
                0x0000000017817c30       0x5c common/built-in.o
                0x0000000017817c30                stdio_get_by_name
 .text.stdio_clone
                0x0000000017817c8c       0x38 common/built-in.o
                0x0000000017817c8c                stdio_clone
 .text.stdio_register_dev
                0x0000000017817cc4       0x50 common/built-in.o
                0x0000000017817cc4                stdio_register_dev
 .text.stdio_register
                0x0000000017817d14        0x8 common/built-in.o
                0x0000000017817d14                stdio_register
 .text.stdio_init_tables
                0x0000000017817d1c       0x1c common/built-in.o
                0x0000000017817d1c                stdio_init_tables
 .text.stdio_add_devices
                0x0000000017817d38       0xd4 common/built-in.o
                0x0000000017817d38                stdio_add_devices
 .text.run_command
                0x0000000017817e0c       0x10 common/built-in.o
                0x0000000017817e0c                run_command
 .text.run_command_list
                0x0000000017817e1c       0x7c common/built-in.o
                0x0000000017817e1c                run_command_list
 .text.do_run   0x0000000017817e98       0x78 common/built-in.o
                0x0000000017817e98                do_run
 .text.cli_loop
                0x0000000017817f10        0xc common/built-in.o
                0x0000000017817f10                cli_loop
 .text.cli_init
                0x0000000017817f1c        0x4 common/built-in.o
                0x0000000017817f1c                cli_init
 .text.delete_char.part.0
                0x0000000017817f20       0xd0 common/built-in.o
 .text.cread_add_char
                0x0000000017817ff0       0xe8 common/built-in.o
 .text.cli_readline_into_buffer
                0x00000000178180d8      0x9c0 common/built-in.o
                0x00000000178180d8                cli_readline_into_buffer
 .text.cli_readline
                0x0000000017818a98       0x14 common/built-in.o
                0x0000000017818a98                cli_readline
 .text.find_cmd_tbl
                0x0000000017818aac       0xa4 common/built-in.o
                0x0000000017818aac                find_cmd_tbl
 .text.find_cmd
                0x0000000017818b50       0x28 common/built-in.o
                0x0000000017818b50                find_cmd
 .text.cmd_usage
                0x0000000017818b78       0x5c common/built-in.o
                0x0000000017818b78                cmd_usage
 .text._do_help
                0x0000000017818bd4      0x178 common/built-in.o
                0x0000000017818bd4                _do_help
 .text.var_complete
                0x0000000017818d4c       0x84 common/built-in.o
                0x0000000017818d4c                var_complete
 .text.cmd_auto_complete
                0x0000000017818dd0      0x4d4 common/built-in.o
                0x0000000017818dd0                cmd_auto_complete
 .text.cmd_get_data_size
                0x00000000178192a4       0x5c common/built-in.o
                0x00000000178192a4                cmd_get_data_size
 .text.cmd_process
                0x0000000017819300       0xec common/built-in.o
                0x0000000017819300                cmd_process
 .text.cmd_process_error
                0x00000000178193ec       0x30 common/built-in.o
                0x00000000178193ec                cmd_process_error
 .text.hex1_bin
                0x000000001781941c       0x40 common/built-in.o
 .text.hex2_bin
                0x000000001781945c       0x38 common/built-in.o
 .text.srec_decode
                0x0000000017819494      0x254 common/built-in.o
                0x0000000017819494                srec_decode
 .text.CYGACC_COMM_IF_GETC_TIMEOUT.isra.0
                0x00000000178196e8       0x5c common/built-in.o
 .text.xyzModem_flush
                0x0000000017819744       0x1c common/built-in.o
 .text.xyzModem_get_hdr
                0x0000000017819760      0x230 common/built-in.o
 .text.xyzModem_stream_open
                0x0000000017819990      0x224 common/built-in.o
                0x0000000017819990                xyzModem_stream_open
 .text.xyzModem_stream_read
                0x0000000017819bb4      0x254 common/built-in.o
                0x0000000017819bb4                xyzModem_stream_read
 .text.xyzModem_stream_close
                0x0000000017819e08       0x54 common/built-in.o
                0x0000000017819e08                xyzModem_stream_close
 .text.xyzModem_stream_terminate
                0x0000000017819e5c       0x94 common/built-in.o
                0x0000000017819e5c                xyzModem_stream_terminate
 .text.xyzModem_error
                0x0000000017819ef0       0x20 common/built-in.o
                0x0000000017819ef0                xyzModem_error
 .text.common_diskboot
                0x0000000017819f10      0x23c common/built-in.o
                0x0000000017819f10                common_diskboot
 .text.get_dev_hwpart
                0x000000001781a14c       0xa8 disk/built-in.o
 .text.dev_print
                0x000000001781a1f4      0x20c disk/built-in.o
                0x000000001781a1f4                dev_print
 .text.init_part
                0x000000001781a400       0x20 disk/built-in.o
                0x000000001781a400                init_part
 .text.print_part
                0x000000001781a420       0xf4 disk/built-in.o
                0x000000001781a420                print_part
 .text.get_partition_info
                0x000000001781a514       0x2c disk/built-in.o
                0x000000001781a514                get_partition_info
 .text.get_device
                0x000000001781a540      0x114 disk/built-in.o
                0x000000001781a540                get_device
 .text.get_device_and_partition
                0x000000001781a654      0x440 disk/built-in.o
                0x000000001781a654                get_device_and_partition
 .text.test_block_type
                0x000000001781aa94       0x84 disk/built-in.o
 .text.print_partition_extended
                0x000000001781ab18      0x278 disk/built-in.o
 .text.get_partition_info_extended.constprop.1
                0x000000001781ad90      0x300 disk/built-in.o
 .text.test_part_dos
                0x000000001781b090       0x64 disk/built-in.o
                0x000000001781b090                test_part_dos
 .text.print_part_dos
                0x000000001781b0f4       0x34 disk/built-in.o
                0x000000001781b0f4                print_part_dos
 .text.get_partition_info_dos
                0x000000001781b128       0x20 disk/built-in.o
                0x000000001781b128                get_partition_info_dos
 .text.device_bind
                0x000000001781b148      0x268 drivers/built-in.o
                0x000000001781b148                device_bind
 .text.device_bind_by_name
                0x000000001781b3b0       0x60 drivers/built-in.o
                0x000000001781b3b0                device_bind_by_name
 .text.device_probe
                0x000000001781b410        0x8 drivers/built-in.o
                0x000000001781b410                device_probe
 .text.device_probe_child
                0x000000001781b418      0x210 drivers/built-in.o
                0x000000001781b418                device_probe_child
 .text.dev_get_platdata
                0x000000001781b628       0x34 drivers/built-in.o
                0x000000001781b628                dev_get_platdata
 .text.dev_get_priv
                0x000000001781b65c       0x34 drivers/built-in.o
                0x000000001781b65c                dev_get_priv
 .text.lists_driver_lookup_name
                0x000000001781b690       0x4c drivers/built-in.o
                0x000000001781b690                lists_driver_lookup_name
 .text.lists_uclass_lookup
                0x000000001781b6dc       0x3c drivers/built-in.o
                0x000000001781b6dc                lists_uclass_lookup
 .text.lists_bind_drivers
                0x000000001781b718       0x88 drivers/built-in.o
                0x000000001781b718                lists_bind_drivers
 .text.dm_root  0x000000001781b7a0       0x2c drivers/built-in.o
                0x000000001781b7a0                dm_root
 .text.dm_init  0x000000001781b7cc       0x58 drivers/built-in.o
                0x000000001781b7cc                dm_init
 .text.dm_scan_platdata
                0x000000001781b824       0x2c drivers/built-in.o
                0x000000001781b824                dm_scan_platdata
 .text.dm_scan_other
                0x000000001781b850        0x8 drivers/built-in.o
                0x000000001781b850                dm_scan_other
 .text.dm_init_and_scan
                0x000000001781b858       0x30 drivers/built-in.o
                0x000000001781b858                dm_init_and_scan
 .text.uclass_find
                0x000000001781b888       0x4c drivers/built-in.o
                0x000000001781b888                uclass_find
 .text.uclass_get
                0x000000001781b8d4      0x134 drivers/built-in.o
                0x000000001781b8d4                uclass_get
 .text.uclass_find_device
                0x000000001781ba08       0x68 drivers/built-in.o
                0x000000001781ba08                uclass_find_device
 .text.uclass_find_device_by_seq
                0x000000001781ba70       0x7c drivers/built-in.o
                0x000000001781ba70                uclass_find_device_by_seq
 .text.uclass_get_device
                0x000000001781baec       0x3c drivers/built-in.o
                0x000000001781baec                uclass_get_device
 .text.uclass_bind_device
                0x000000001781bb28       0xa4 drivers/built-in.o
                0x000000001781bb28                uclass_bind_device
 .text.uclass_unbind_device
                0x000000001781bbcc       0x4c drivers/built-in.o
                0x000000001781bbcc                uclass_unbind_device
 .text.uclass_resolve_seq
                0x000000001781bc18       0xb0 drivers/built-in.o
                0x000000001781bc18                uclass_resolve_seq
 .text.uclass_pre_probe_child
                0x000000001781bcc8       0x2c drivers/built-in.o
                0x000000001781bcc8                uclass_pre_probe_child
 .text.uclass_post_probe_device
                0x000000001781bcf4       0x20 drivers/built-in.o
                0x000000001781bcf4                uclass_post_probe_device
 .text.uclass_pre_remove_device
                0x000000001781bd14       0x5c drivers/built-in.o
                0x000000001781bd14                uclass_pre_remove_device
 .text.dm_warn  0x000000001781bd70       0x28 drivers/built-in.o
                0x000000001781bd70                dm_warn
 .text.device_free
                0x000000001781bd98       0x90 drivers/built-in.o
                0x000000001781bd98                device_free
 .text.device_remove
                0x000000001781be28      0x138 drivers/built-in.o
                0x000000001781be28                device_remove
 .text.finish_access
                0x000000001781bf60       0x2c drivers/built-in.o
 .text.set_timing
                0x000000001781bf8c       0xb4 drivers/built-in.o
 .text.prepare_access
                0x000000001781c040       0x88 drivers/built-in.o
 .text.fuse_bank_physical
                0x000000001781c0c8       0x78 drivers/built-in.o
                0x000000001781c0c8                fuse_bank_physical
 .text.fuse_read
                0x000000001781c140       0x74 drivers/built-in.o
                0x000000001781c140                fuse_read
 .text.fuse_sense
                0x000000001781c1b4       0xac drivers/built-in.o
                0x000000001781c1b4                fuse_sense
 .text.fuse_prog
                0x000000001781c260       0xa8 drivers/built-in.o
                0x000000001781c260                fuse_prog
 .text.fuse_override
                0x000000001781c308       0x6c drivers/built-in.o
                0x000000001781c308                fuse_override
 .text.video_drawchars
                0x000000001781c374      0x44c drivers/built-in.o
 .text.draw_bitmap
                0x000000001781c7c0       0xdc drivers/built-in.o
 .text.console_newline.constprop.2
                0x000000001781c89c       0xe0 drivers/built-in.o
 .text.video_putc
                0x000000001781c97c      0x194 drivers/built-in.o
 .text.video_puts
                0x000000001781cb10       0x7c drivers/built-in.o
 .text.board_cfb_skip
                0x000000001781cb8c        0x8 drivers/built-in.o
                0x000000001781cb8c                board_cfb_skip
 .text.video_set_lut
                0x000000001781cb94        0x8 drivers/built-in.o
                0x000000001781cb98                video_set_lut
 .text.display_rle8_bitmap
                0x000000001781cb9c      0x350 drivers/built-in.o
 .text.plot_logo_or_black
                0x000000001781ceec      0x28c drivers/built-in.o
 .text.do_clrlogo
                0x000000001781d178       0x58 drivers/built-in.o
 .text.video_display_bitmap
                0x000000001781d1d0      0x934 drivers/built-in.o
                0x000000001781d1d0                video_display_bitmap
 .text.video_clear
                0x000000001781db04       0x54 drivers/built-in.o
                0x000000001781db04                video_clear
 .text.drv_video_init
                0x000000001781db58      0x458 drivers/built-in.o
                0x000000001781db58                drv_video_init
 .text.mxcfb_map_video_memory
                0x000000001781dfb0       0x88 drivers/built-in.o
 .text.ipuv3_fb_shutdown
                0x000000001781e038       0x60 drivers/built-in.o
                0x000000001781e038                ipuv3_fb_shutdown
 .text.video_hw_init
                0x000000001781e098      0x5d4 drivers/built-in.o
                0x000000001781e098                video_hw_init
 .text.ipuv3_fb_init
                0x000000001781e66c       0x2c drivers/built-in.o
                0x000000001781e66c                ipuv3_fb_init
 .text.clk_ldb_clk_enable
                0x000000001781e698       0x20 drivers/built-in.o
 .text.clk_ipu_enable
                0x000000001781e6b8        0x4 drivers/built-in.o
 .text.clk_ldb_clk_disable
                0x000000001781e6bc       0x1c drivers/built-in.o
 .text.clk_ipu_disable
                0x000000001781e6d8        0x4 drivers/built-in.o
 .text.ipu_pixel_clk_enable
                0x000000001781e6dc       0x28 drivers/built-in.o
 .text.ipu_pixel_clk_disable
                0x000000001781e704       0x24 drivers/built-in.o
 .text.ipu_pixel_clk_round_rate
                0x000000001781e728      0x118 drivers/built-in.o
 .text.ipu_pixel_clk_set_rate
                0x000000001781e840       0xe8 drivers/built-in.o
 .text.ipu_pixel_clk_recalc
                0x000000001781e928       0x7c drivers/built-in.o
 .text.ipu_pixel_clk_set_parent
                0x000000001781e9a4       0x84 drivers/built-in.o
 .text.clk_enable
                0x000000001781ea28       0x24 drivers/built-in.o
                0x000000001781ea28                clk_enable
 .text.clk_disable
                0x000000001781ea4c       0x30 drivers/built-in.o
                0x000000001781ea4c                clk_disable
 .text.clk_get_usecount
                0x000000001781ea7c        0xc drivers/built-in.o
                0x000000001781ea7c                clk_get_usecount
 .text.clk_get_rate
                0x000000001781ea88        0xc drivers/built-in.o
                0x000000001781ea88                clk_get_rate
 .text.clk_get_parent
                0x000000001781ea94        0xc drivers/built-in.o
                0x000000001781ea94                clk_get_parent
 .text.clk_set_rate
                0x000000001781eaa0       0x30 drivers/built-in.o
                0x000000001781eaa0                clk_set_rate
 .text.clk_round_rate
                0x000000001781ead0       0x20 drivers/built-in.o
                0x000000001781ead0                clk_round_rate
 .text.clk_set_parent
                0x000000001781eaf0       0x1c drivers/built-in.o
                0x000000001781eaf0                clk_set_parent
 .text.ipu_probe
                0x000000001781eb0c      0x158 drivers/built-in.o
                0x000000001781eb0c                ipu_probe
 .text.ipu_dump_registers
                0x000000001781ec64        0x4 drivers/built-in.o
                0x000000001781ec64                ipu_dump_registers
 .text.ipu_init_channel
                0x000000001781ec68      0x1fc drivers/built-in.o
                0x000000001781ec68                ipu_init_channel
 .text.ipu_uninit_channel
                0x000000001781ee64      0x224 drivers/built-in.o
                0x000000001781ee64                ipu_uninit_channel
 .text.ipu_enable_channel
                0x000000001781f088       0xe8 drivers/built-in.o
                0x000000001781f088                ipu_enable_channel
 .text.ipu_clear_buffer_ready
                0x000000001781f170       0x7c drivers/built-in.o
                0x000000001781f170                ipu_clear_buffer_ready
 .text.ipu_disable_channel
                0x000000001781f1ec      0x194 drivers/built-in.o
                0x000000001781f1ec                ipu_disable_channel
 .text.bytes_per_pixel
                0x000000001781f380       0xec drivers/built-in.o
                0x000000001781f380                bytes_per_pixel
 .text.ipu_init_channel_buffer
                0x000000001781f46c      0x5d0 drivers/built-in.o
                0x000000001781f46c                ipu_init_channel_buffer
 .text.format_to_colorspace
                0x000000001781fa3c       0xc4 drivers/built-in.o
                0x000000001781fa3c                format_to_colorspace
 .text.ipu_dc_map_config
                0x000000001781fb00       0x70 drivers/built-in.o
 .text.rgb_to_yuv
                0x000000001781fb70       0x74 drivers/built-in.o
 .text.ipu_dc_link_event
                0x000000001781fbe4      0x16c drivers/built-in.o
 .text.ipu_dp_csc_setup.isra.0
                0x000000001781fd50      0x100 drivers/built-in.o
 .text.ipu_di_sync_config.constprop.3
                0x000000001781fe50       0xf0 drivers/built-in.o
 .text.ipu_dmfc_init
                0x000000001781ff40      0x158 drivers/built-in.o
                0x000000001781ff40                ipu_dmfc_init
 .text.ipu_dmfc_set_wait4eot
                0x0000000017820098      0x130 drivers/built-in.o
                0x0000000017820098                ipu_dmfc_set_wait4eot
 .text.ipu_dp_init
                0x00000000178201c8      0x1f8 drivers/built-in.o
                0x00000000178201c8                ipu_dp_init
 .text.ipu_dp_uninit
                0x00000000178203c0       0x7c drivers/built-in.o
                0x00000000178203c0                ipu_dp_uninit
 .text.ipu_dc_init
                0x000000001782043c      0x2c8 drivers/built-in.o
                0x000000001782043c                ipu_dc_init
 .text.ipu_dc_uninit
                0x0000000017820704      0x1b8 drivers/built-in.o
                0x0000000017820704                ipu_dc_uninit
 .text.ipu_dp_dc_enable
                0x00000000178208bc      0x1ec drivers/built-in.o
                0x00000000178208bc                ipu_dp_dc_enable
 .text.ipu_dp_dc_disable
                0x0000000017820aa8      0x338 drivers/built-in.o
                0x0000000017820aa8                ipu_dp_dc_disable
 .text.ipu_init_dc_mappings
                0x0000000017820de0      0x184 drivers/built-in.o
                0x0000000017820de0                ipu_init_dc_mappings
 .text.ipu_init_sync_panel
                0x0000000017820f64      0x7f0 drivers/built-in.o
                0x0000000017820f64                ipu_init_sync_panel
 .text.ipu_disp_set_global_alpha
                0x0000000017821754      0x104 drivers/built-in.o
                0x0000000017821754                ipu_disp_set_global_alpha
 .text.ipu_disp_set_color_key
                0x0000000017821858      0x1ac drivers/built-in.o
                0x0000000017821858                ipu_disp_set_color_key
 .text.reset_cpu
                0x0000000017821a04       0x28 drivers/built-in.o
                0x0000000017821a04                reset_cpu
 .text.thermal_get_temp
                0x0000000017821a2c       0x20 drivers/built-in.o
                0x0000000017821a2c                thermal_get_temp
 *fill*         0x0000000017821a4c        0x4 
 .text.read_cpu_temperature
                0x0000000017821a50      0x150 drivers/built-in.o
 .text.imx_thermal_get_temp
                0x0000000017821ba0       0x48 drivers/built-in.o
                0x0000000017821ba0                imx_thermal_get_temp
 .text.imx_thermal_probe
                0x0000000017821be8       0x7c drivers/built-in.o
 .text.gpio_set_value
                0x0000000017821c64       0x44 drivers/gpio/built-in.o
                0x0000000017821c64                gpio_set_value
 .text.gpio_get_value
                0x0000000017821ca8       0x34 drivers/gpio/built-in.o
                0x0000000017821ca8                gpio_get_value
 .text.gpio_request
                0x0000000017821cdc       0x10 drivers/gpio/built-in.o
                0x0000000017821cdc                gpio_request
 .text.gpio_free
                0x0000000017821cec        0x8 drivers/gpio/built-in.o
                0x0000000017821cec                gpio_free
 .text.gpio_direction_input
                0x0000000017821cf4       0x3c drivers/gpio/built-in.o
                0x0000000017821cf4                gpio_direction_input
 .text.gpio_direction_output
                0x0000000017821d30       0x50 drivers/gpio/built-in.o
                0x0000000017821d30                gpio_direction_output
 .text.i2c_get_adapter
                0x0000000017821d80       0x64 drivers/i2c/built-in.o
                0x0000000017821d80                i2c_get_adapter
 .text.i2c_init_bus
                0x0000000017821de4       0x90 drivers/i2c/built-in.o
 .text.i2c_get_bus_num
                0x0000000017821e74        0x8 drivers/i2c/built-in.o
                0x0000000017821e74                i2c_get_bus_num
 .text.i2c_set_bus_num
                0x0000000017821e7c       0xb8 drivers/i2c/built-in.o
                0x0000000017821e7c                i2c_set_bus_num
 .text.i2c_init_all
                0x0000000017821f34       0x14 drivers/i2c/built-in.o
                0x0000000017821f34                i2c_init_all
 .text.i2c_probe
                0x0000000017821f48       0x2c drivers/i2c/built-in.o
                0x0000000017821f48                i2c_probe
 .text.i2c_read